# Family name: Khattab 
# Student number:  300202727
# Course: IT1 1120 
# Assignment Number 2
# year 2020

>>> #test question 2.1
>>> 
>>> min_enclosing_rectangle(1,1,1)
(0, 0)
>>> min_enclosing_rectangle(4.5, 10, 2)
(5.5, -2.5)
>>> min_enclosing_rectangle(-1, 10, 2)
>>> min_enclosing_rectangle(500, 1000, 2000)
(500, 1500)
>>> min_enclosing_rectangle(10, 456, 89)
(446, 79)
>>> min_enclosing_rectangle(2, 78, -10)
(76, -12)
>>> 
>>> 
>>> #test question 2.2
>>> 
>>> vote_percentage('yes yes yes yes yes abstained abstained yes yes yes yes')
1.0
>>> vote_percentage('yes,yes, no, yes, no, yes, abstained, yes, yes,no')
0.6666666666666666
>>> vote_percentage('abstained no abstained yes no yes no yes yes yes no')
0.5555555555555556
>>> vote_percentage('no yes no no no, yes yes yes no')
0.4444444444444444
>>>
>>> vote_percentage('no')
0.0
>>> vote_percentage('yes')
1.0
>>> vote_percentage('yesnoyesnononoyesyes')
0.5
>>> 
>>> vote_percentage('yesnoyesnononoYesYes')
0.5
>>> #test question 2.3
>>> 
>>> vote()
Enter the yes, no, abstained votes one by one and then press enter:
 yes yes yes yes yes abstained abstained yes yes yes yes
proposal passes unanimously
>>> vote()
Enter the yes, no, abstained votes one by one and then press enter:
 yes,yes, no, yes, no, yes, abstained, yes, yes,no
proposal passes with super majority
>>> vote()
Enter the yes, no, abstained votes one by one and then press enter:
 abstained no abstained yes no yes no yes yes yes no
proposal passes with simple majority
>>> vote()
Enter the yes, no, abstained votes one by one and then press enter:
 no yes no no no, yes yes yes no
proposal failed
>>> vote()
Enter the yes, no, abstained votes one by one and then press enter:
 nonononono
proposal failed
>>> vote()
Enter the yes, no, abstained votes one by one and then press enter:
 yesYESYESyeSNonononono
proposal failed
>>> vote()
Enter the yes, no, abstained votes one by one and then press enter:
 yesYESYESyeSNononononoyes
proposal passes with simple majority
>>> 